// Jest Snapshot v1, https://goo.gl/fbAQLP

exports[`renders the App component 1`] = `
<Fragment>
  <Container
    fluid={false}
  >
    <Row
      noGutters={false}
    >
      <Col
        className="mt-5"
      >
        <Card
          body={false}
        >
          <CardHeader
            className="blue"
          >
            Password Reset
          </CardHeader>
          <CardBody>
            <Form
              inline={false}
              onSubmit={[Function]}
            >
              <FormGroup>
                <FormLabel
                  column={false}
                  srOnly={false}
                >
                  Enter your Reset Code
                </FormLabel>
                <FormControl
                  placeholder="Enter your code"
                  type="text"
                />
              </FormGroup>
              <FormGroup>
                <FormLabel
                  column={false}
                  srOnly={false}
                >
                  New Password
                </FormLabel>
                <FormControl
                  placeholder="New Password"
                  type="password"
                />
              </FormGroup>
              <FormGroup>
                <FormLabel
                  column={false}
                  srOnly={false}
                >
                  Confirm Password
                </FormLabel>
                <FormControl
                  placeholder="Confirm Password"
                  type="password"
                />
              </FormGroup>
              <Button
                active={false}
                className="blue"
                disabled={false}
                type="submit"
                variant="primary"
              >
                Submit
              </Button>
            </Form>
          </CardBody>
        </Card>
      </Col>
    </Row>
  </Container>
</Fragment>
`;
